!!!!!!!!!!!!!!!!!!!!!!!!!!!!!!!!!!!!!!!!!!!!!!!!!!!!!!!!!!!!!!!!!!!!!!!!
! NSCouette, a HPC code for DNS of Taylor-Couette flow                 !
!                                                                      !
! Copyright (C) 2016 Marc Avila, Bjoern Hof, Jose Manuel Lopez,        !
!                    Markus Rampp, Liang Shi                           !
!                                                                      !
! NSCouette is free software: you can redistribute it and/or modify    !
! it under the terms of the GNU General Public License as published by !
! the Free Software Foundation, either version 3 of the License, or    !
! (at your option) any later version.                                  !
!!!!!!!!!!!!!!!!!!!!!!!!!!!!!!!!!!!!!!!!!!!!!!!!!!!!!!!!!!!!!!!!!!!!!!!!

starting NSCouette (ed647dbe) using    4 MPI tasks,    2 OpenMP threads/task

   TASKS:   4 THREADS: 2    THIS:   0     Host:buildtest- Cores:   0   1
   TASKS:   4 THREADS: 2    THIS:   1     Host:buildtest- Cores:   2   3
   TASKS:   4 THREADS: 2    THIS:   2     Host:buildtest- Cores:   4   5
   TASKS:   4 THREADS: 2    THIS:   3     Host:buildtest- Cores:   6   7
  step=          10  dt=  5.449244683038102E-006
  step=          20  dt=  5.449244683038102E-006
  step=          30  dt=  5.449244683038102E-006
  step=          40  dt=  5.449244683038102E-006
  step=          50  dt=  5.449244683038102E-006
  step=          60  dt=  5.449244683038102E-006
  step=          70  dt=  5.449244683038102E-006
  step=          80  dt=  5.449244683038102E-006
  step=          90  dt=  5.449244683038102E-006
  step=         100  dt=  5.449244683038102E-006
 written coeff file to disk: coeff_REF_2.00000100                    
T0: number of timesteps              :   100
T0: total time incl I/O [s]:   1742.20
T0:  av time per timestep excl I/O [s]:     17.02
ALL: min/max av time per timestep [s]:   17.0165   17.0184
 /= Group                                              [s]     fraction
 |                                            ============ ============
 |_ [Root] (running)                           1742.333978        1.000
   |_ (own)                                         0.000233        0.000
   |_ main                                       1742.333734        1.000
     |_ (own)                                         1.406163        0.001
     |_ pretstp                                       3.880664        0.002
     |_ tstep                                      1704.470755        0.978
       |_ (own)                                        30.446985        0.018
       |_ nonlin  (200x)                             1446.541715        0.849
         |_ (own)                                         0.305201        0.000
         |_ matvec  (200x)                               33.395142        0.023
         |_ tranf  (200x)                                54.993226        0.038
         |_ deriv  (200x)                               709.333530        0.490
         |_ fft  (200x)                                 507.673738        0.351
         |_ tranb  (200x)                               140.840878        0.097
       |_ pretstp  (2x)                                 4.043425        0.002
       |_ predic  (100x)                              105.556446        0.062
       |_ correc  (100x)                              115.060128        0.068
         |_ (own)                                       103.228326        0.897
         |_ mcorr  (100x)                                11.831802        0.103
       |_ io energy  (10x)                              2.822056        0.002
     |_ io coeff                                     32.576152        0.019
