!!!!!!!!!!!!!!!!!!!!!!!!!!!!!!!!!!!!!!!!!!!!!!!!!!!!!!!!!!!!!!!!!!!!!!!!
! NSCouette, a HPC code for DNS of Taylor-Couette flow                 !
!                                                                      !
! Copyright (C) 2016 Marc Avila, Bjoern Hof, Jose Manuel Lopez,        !
!                    Markus Rampp, Liang Shi                           !
!                                                                      !
! NSCouette is free software: you can redistribute it and/or modify    !
! it under the terms of the GNU General Public License as published by !
! the Free Software Foundation, either version 3 of the License, or    !
! (at your option) any later version.                                  !
!!!!!!!!!!!!!!!!!!!!!!!!!!!!!!!!!!!!!!!!!!!!!!!!!!!!!!!!!!!!!!!!!!!!!!!!

starting NSCouette (b7439aed) using    4 MPI tasks,    2 OpenMP threads/task

   TASKS:   4 THREADS: 2    THIS:   0     Host:buildtest- Cores:   0   1
   TASKS:   4 THREADS: 2    THIS:   1     Host:buildtest- Cores:   2   3
   TASKS:   4 THREADS: 2    THIS:   2     Host:buildtest- Cores:   4   5
   TASKS:   4 THREADS: 2    THIS:   3     Host:buildtest- Cores:   6   7
  step=          10  dt=  8.648729775507614E-007
  step=          20  dt=  8.648729775507614E-007
  step=          30  dt=  8.648729775507614E-007
  step=          40  dt=  8.648729775507614E-007
  step=          50  dt=  8.648729775507614E-007
  step=          60  dt=  8.648729775507614E-007
  step=          70  dt=  8.648729775507614E-007
  step=          80  dt=  8.648729775507614E-007
  step=          90  dt=  8.648729775507614E-007
  step=         100  dt=  8.648729775507614E-007
 written coeff file to disk: coeff_REF_1.00000100                    
T0: number of timesteps              :   100
T0: total time incl I/O [s]:   1209.53
T0:  av time per timestep excl I/O [s]:     11.73
ALL: min/max av time per timestep [s]:   11.7268   11.7277
 /= Group                                              [s]     fraction
 |                                            ============ ============
 |_ [Root] (running)                           1209.646260        1.000
   |_ (own)                                         0.000242        0.000
   |_ main                                       1209.646011        1.000
     |_ (own)                                         0.947395        0.001
     |_ pretstp                                       3.442325        0.003
     |_ tstep                                      1174.124105        0.971
       |_ (own)                                        16.548435        0.014
       |_ nonlin  (200x)                              980.540529        0.835
         |_ (own)                                         0.231458        0.000
         |_ matvec  (200x)                               26.551012        0.027
         |_ tranf  (200x)                                52.727057        0.054
         |_ deriv  (200x)                               458.228843        0.467
         |_ fft  (200x)                                 299.040257        0.305
         |_ tranb  (200x)                               143.761902        0.147
       |_ pretstp  (2x)                                 3.493960        0.003
       |_ predic  (100x)                               83.726411        0.071
       |_ correc  (100x)                               88.377256        0.075
         |_ (own)                                        82.793368        0.937
         |_ mcorr  (100x)                                 5.583888        0.063
       |_ io energy  (10x)                              1.437514        0.001
     |_ io coeff                                     31.132186        0.026
